0  0 MappedReader: FileOffset 0 -> DiskOffset 0 (Length 7203717120,  Cluster 1) Delegate *parser.RangeReader
1   1 MappedReader: FileOffset 0 -> DiskOffset 786432 (Length 51232,  Cluster 4096) Delegate *parser.PagedReader
2   1 MappedReader: FileOffset 51232 -> DiskOffset 3655387 (Length 51286,  Cluster 4096) Delegate *parser.PagedReader
3   1 MappedReader: FileOffset 102518 -> DiskOffset 6866774 (Length 51327,  Cluster 4096) Delegate *parser.PagedReader
4   1 MappedReader: FileOffset 153845 -> DiskOffset 8950058 (Length 51649,  Cluster 4096) Delegate *parser.PagedReader
5   1 MappedReader: FileOffset 205494 -> DiskOffset 9869303 (Length 52178,  Cluster 4096) Delegate *parser.PagedReader
6   1 MappedReader: FileOffset 257672 -> DiskOffset 7928311 (Length 54509,  Cluster 4096) Delegate *parser.PagedReader
7   1 MappedReader: FileOffset 312181 -> DiskOffset 9554898 (Length 54411,  Cluster 4096) Delegate *parser.PagedReader
8   1 MappedReader: FileOffset 366592 -> DiskOffset 7789667 (Length 116800,  Cluster 4096) Delegate *parser.PagedReader
9   1 MappedReader: FileOffset 483392 -> DiskOffset 8234950 (Length 102208,  Cluster 4096) Delegate *parser.PagedReader
10   1 MappedReader: FileOffset 585600 -> DiskOffset 8337270 (Length 51210,  Cluster 4096) Delegate *parser.PagedReader
11   1 MappedReader: FileOffset 636810 -> DiskOffset 2502427 (Length 51205,  Cluster 4096) Delegate *parser.PagedReader
12   1 MappedReader: FileOffset 688015 -> DiskOffset 12494949 (Length 51227,  Cluster 4096) Delegate *parser.PagedReader
13   1 MappedReader: FileOffset 739242 -> DiskOffset 6975639 (Length 51209,  Cluster 4096) Delegate *parser.PagedReader
14   1 MappedReader: FileOffset 790451 -> DiskOffset 7191088 (Length 51216,  Cluster 4096) Delegate *parser.PagedReader
15   1 MappedReader: FileOffset 841667 -> DiskOffset 12896106 (Length 51222,  Cluster 4096) Delegate *parser.PagedReader
16   1 MappedReader: FileOffset 892889 -> DiskOffset 13027445 (Length 51211,  Cluster 4096) Delegate *parser.PagedReader
17   1 MappedReader: FileOffset 944100 -> DiskOffset 13305128 (Length 51224,  Cluster 4096) Delegate *parser.PagedReader
18   1 MappedReader: FileOffset 995324 -> DiskOffset 13581134 (Length 51218,  Cluster 4096) Delegate *parser.PagedReader
19   1 MappedReader: FileOffset 1046542 -> DiskOffset 13862004 (Length 51212,  Cluster 4096) Delegate *parser.PagedReader
20   1 MappedReader: FileOffset 1097754 -> DiskOffset 14135458 (Length 51230,  Cluster 4096) Delegate *parser.PagedReader
21   1 MappedReader: FileOffset 1148984 -> DiskOffset 14413462 (Length 51210,  Cluster 4096) Delegate *parser.PagedReader
22   1 MappedReader: FileOffset 1200194 -> DiskOffset 14689732 (Length 51228,  Cluster 4096) Delegate *parser.PagedReader
23   1 MappedReader: FileOffset 1251422 -> DiskOffset 14966333 (Length 51203,  Cluster 4096) Delegate *parser.PagedReader
24   1 MappedReader: FileOffset 1302625 -> DiskOffset 15243662 (Length 51218,  Cluster 4096) Delegate *parser.PagedReader
25   1 MappedReader: FileOffset 1353843 -> DiskOffset 15519776 (Length 10336,  Cluster 4096) Delegate *parser.PagedReader
26   1 MappedReader: FileOffset 1364179 -> DiskOffset 13745939 (Length 16593,  Cluster 4096) Delegate *parser.PagedReader
27   1 MappedReader: FileOffset 1380772 -> DiskOffset 13698530 (Length 16039,  Cluster 4096) Delegate *parser.PagedReader
28   1 MappedReader: FileOffset 1396811 -> DiskOffset 13838949 (Length 13677,  Cluster 4096) Delegate *parser.PagedReader
29   1 MappedReader: FileOffset 1410488 -> DiskOffset 13934597 (Length 9431,  Cluster 4096) Delegate *parser.PagedReader
30   1 MappedReader: FileOffset 1419919 -> DiskOffset 13726456 (Length 8929,  Cluster 4096) Delegate *parser.PagedReader
31   1 MappedReader: FileOffset 1428848 -> DiskOffset 13818066 (Length 8848,  Cluster 4096) Delegate *parser.PagedReader
32   1 MappedReader: FileOffset 1437696 -> DiskOffset 13691689 (Length 6706,  Cluster 4096) Delegate *parser.PagedReader
33   1 MappedReader: FileOffset 1444402 -> DiskOffset 13923911 (Length 6054,  Cluster 4096) Delegate *parser.PagedReader
34   1 MappedReader: FileOffset 1450456 -> DiskOffset 13772310 (Length 5470,  Cluster 4096) Delegate *parser.PagedReader
35   1 MappedReader: FileOffset 1455926 -> DiskOffset 13798934 (Length 5267,  Cluster 4096) Delegate *parser.PagedReader
36   1 MappedReader: FileOffset 1461193 -> DiskOffset 13958125 (Length 5072,  Cluster 4096) Delegate *parser.PagedReader
37   1 MappedReader: FileOffset 1466265 -> DiskOffset 13777879 (Length 4995,  Cluster 4096) Delegate *parser.PagedReader
38   1 MappedReader: FileOffset 1471260 -> DiskOffset 13951756 (Length 4836,  Cluster 4096) Delegate *parser.PagedReader
39   1 MappedReader: FileOffset 1476096 -> DiskOffset 13813328 (Length 4662,  Cluster 4096) Delegate *parser.PagedReader
40   1 MappedReader: FileOffset 1480758 -> DiskOffset 13788035 (Length 4638,  Cluster 4096) Delegate *parser.PagedReader
41   1 MappedReader: FileOffset 1485396 -> DiskOffset 13721924 (Length 4531,  Cluster 4096) Delegate *parser.PagedReader
42   1 MappedReader: FileOffset 1489927 -> DiskOffset 13930050 (Length 4461,  Cluster 4096) Delegate *parser.PagedReader
43   1 MappedReader: FileOffset 1494388 -> DiskOffset 13741268 (Length 4137,  Cluster 4096) Delegate *parser.PagedReader
44   1 MappedReader: FileOffset 1498525 -> DiskOffset 13782940 (Length 4026,  Cluster 4096) Delegate *parser.PagedReader
45   1 MappedReader: FileOffset 1502551 -> DiskOffset 13795055 (Length 3878,  Cluster 4096) Delegate *parser.PagedReader
46   1 MappedReader: FileOffset 1506429 -> DiskOffset 13947092 (Length 3848,  Cluster 4096) Delegate *parser.PagedReader
47   1 MappedReader: FileOffset 1510277 -> DiskOffset 13831550 (Length 3627,  Cluster 4096) Delegate *parser.PagedReader
48   1 MappedReader: FileOffset 1513904 -> DiskOffset 13827042 (Length 3098,  Cluster 4096) Delegate *parser.PagedReader
49   1 MappedReader: FileOffset 1517002 -> DiskOffset 13717609 (Length 2708,  Cluster 4096) Delegate *parser.PagedReader
50   1 MappedReader: FileOffset 1519710 -> DiskOffset 13974702 (Length 2565,  Cluster 4096) Delegate *parser.PagedReader
51   1 MappedReader: FileOffset 1522275 -> DiskOffset 9844131 (Length 2489,  Cluster 4096) Delegate *parser.PagedReader
52   1 MappedReader: FileOffset 1524764 -> DiskOffset 8723635 (Length 2364,  Cluster 4096) Delegate *parser.PagedReader
53   1 MappedReader: FileOffset 1527128 -> DiskOffset 9955626 (Length 2316,  Cluster 4096) Delegate *parser.PagedReader
54   1 MappedReader: FileOffset 1529444 -> DiskOffset 14084653 (Length 2313,  Cluster 4096) Delegate *parser.PagedReader
55   1 MappedReader: FileOffset 1531757 -> DiskOffset 9851182 (Length 2254,  Cluster 4096) Delegate *parser.PagedReader
56   1 MappedReader: FileOffset 1534011 -> DiskOffset 9857997 (Length 2253,  Cluster 4096) Delegate *parser.PagedReader
57   1 MappedReader: FileOffset 1536264 -> DiskOffset 8730562 (Length 2253,  Cluster 4096) Delegate *parser.PagedReader
58   1 MappedReader: FileOffset 1538517 -> DiskOffset 9830504 (Length 2252,  Cluster 4096) Delegate *parser.PagedReader
59   1 MappedReader: FileOffset 1540769 -> DiskOffset 14036636 (Length 2248,  Cluster 4096) Delegate *parser.PagedReader
60   1 MappedReader: FileOffset 1543017 -> DiskOffset 14002153 (Length 2247,  Cluster 4096) Delegate *parser.PagedReader
61   1 MappedReader: FileOffset 1545264 -> DiskOffset 8719000 (Length 2225,  Cluster 4096) Delegate *parser.PagedReader
62   1 MappedReader: FileOffset 1547489 -> DiskOffset 13963261 (Length 2222,  Cluster 4096) Delegate *parser.PagedReader
63   1 MappedReader: FileOffset 1549711 -> DiskOffset 13917257 (Length 2219,  Cluster 4096) Delegate *parser.PagedReader
64   1 MappedReader: FileOffset 1551930 -> DiskOffset 9837318 (Length 2217,  Cluster 4096) Delegate *parser.PagedReader
65   1 MappedReader: FileOffset 1554147 -> DiskOffset 9860378 (Length 2216,  Cluster 4096) Delegate *parser.PagedReader
66   1 MappedReader: FileOffset 1556363 -> DiskOffset 13965555 (Length 2209,  Cluster 4096) Delegate *parser.PagedReader
67   1 MappedReader: FileOffset 1558572 -> DiskOffset 13735467 (Length 2197,  Cluster 4096) Delegate *parser.PagedReader
68   1 MappedReader: FileOffset 1560769 -> DiskOffset 8714395 (Length 2191,  Cluster 4096) Delegate *parser.PagedReader
69   1 MappedReader: FileOffset 1562960 -> DiskOffset 9839663 (Length 2189,  Cluster 4096) Delegate *parser.PagedReader
70   1 MappedReader: FileOffset 1565149 -> DiskOffset 13972361 (Length 2178,  Cluster 4096) Delegate *parser.PagedReader
71   1 MappedReader: FileOffset 1567327 -> DiskOffset 13852733 (Length 2178,  Cluster 4096) Delegate *parser.PagedReader
72   1 MappedReader: FileOffset 1569505 -> DiskOffset 13792801 (Length 2176,  Cluster 4096) Delegate *parser.PagedReader
73   1 MappedReader: FileOffset 1571681 -> DiskOffset 13993016 (Length 2174,  Cluster 4096) Delegate *parser.PagedReader
74   1 MappedReader: FileOffset 1573855 -> DiskOffset 13857122 (Length 2169,  Cluster 4096) Delegate *parser.PagedReader
75   1 MappedReader: FileOffset 1576024 -> DiskOffset 14093882 (Length 2167,  Cluster 4096) Delegate *parser.PagedReader
76   1 MappedReader: FileOffset 1578191 -> DiskOffset 12851709 (Length 2167,  Cluster 4096) Delegate *parser.PagedReader
77   1 MappedReader: FileOffset 1580358 -> DiskOffset 14029844 (Length 2166,  Cluster 4096) Delegate *parser.PagedReader
78   1 MappedReader: FileOffset 1582524 -> DiskOffset 8716714 (Length 2158,  Cluster 4096) Delegate *parser.PagedReader
79   1 MappedReader: FileOffset 1584682 -> DiskOffset 14054997 (Length 2156,  Cluster 4096) Delegate *parser.PagedReader
80   1 MappedReader: FileOffset 1586838 -> DiskOffset 13999870 (Length 2155,  Cluster 4096) Delegate *parser.PagedReader
81   1 MappedReader: FileOffset 1588993 -> DiskOffset 8707544 (Length 2155,  Cluster 4096) Delegate *parser.PagedReader
82   1 MappedReader: FileOffset 1591148 -> DiskOffset 8721353 (Length 2154,  Cluster 4096) Delegate *parser.PagedReader
83   1 MappedReader: FileOffset 1593302 -> DiskOffset 14082373 (Length 2152,  Cluster 4096) Delegate *parser.PagedReader
84   1 MappedReader: FileOffset 1595454 -> DiskOffset 8700854 (Length 2152,  Cluster 4096) Delegate *parser.PagedReader
85   1 MappedReader: FileOffset 1597606 -> DiskOffset 13811071 (Length 2151,  Cluster 4096) Delegate *parser.PagedReader
86   1 MappedReader: FileOffset 1599757 -> DiskOffset 14077753 (Length 2149,  Cluster 4096) Delegate *parser.PagedReader
87   1 MappedReader: FileOffset 1601906 -> DiskOffset 9862722 (Length 2148,  Cluster 4096) Delegate *parser.PagedReader
88   1 MappedReader: FileOffset 1604054 -> DiskOffset 9835042 (Length 2148,  Cluster 4096) Delegate *parser.PagedReader
89   1 MappedReader: FileOffset 1606202 -> DiskOffset 8726127 (Length 2148,  Cluster 4096) Delegate *parser.PagedReader
90   1 MappedReader: FileOffset 1608350 -> DiskOffset 9855722 (Length 2147,  Cluster 4096) Delegate *parser.PagedReader
91   1 MappedReader: FileOffset 1610497 -> DiskOffset 13986183 (Length 2146,  Cluster 4096) Delegate *parser.PagedReader
92   1 MappedReader: FileOffset 1612643 -> DiskOffset 12954390 (Length 2146,  Cluster 4096) Delegate *parser.PagedReader
93   1 MappedReader: FileOffset 1614789 -> DiskOffset 14041234 (Length 2140,  Cluster 4096) Delegate *parser.PagedReader
94   1 MappedReader: FileOffset 1616929 -> DiskOffset 13983853 (Length 2138,  Cluster 4096) Delegate *parser.PagedReader
95   1 MappedReader: FileOffset 1619067 -> DiskOffset 13981482 (Length 2132,  Cluster 4096) Delegate *parser.PagedReader
96   1 MappedReader: FileOffset 1621199 -> DiskOffset 9864998 (Length 2131,  Cluster 4096) Delegate *parser.PagedReader
97   1 MappedReader: FileOffset 1623330 -> DiskOffset 14087094 (Length 2130,  Cluster 4096) Delegate *parser.PagedReader
98   1 MappedReader: FileOffset 1625460 -> DiskOffset 8703134 (Length 2130,  Cluster 4096) Delegate *parser.PagedReader
99   1 MappedReader: FileOffset 1627590 -> DiskOffset 14080116 (Length 2129,  Cluster 4096) Delegate *parser.PagedReader
100   1 MappedReader: FileOffset 1629719 -> DiskOffset 8709827 (Length 2129,  Cluster 4096) Delegate *parser.PagedReader
101   1 MappedReader: FileOffset 1631848 -> DiskOffset 14043572 (Length 2127,  Cluster 4096) Delegate *parser.PagedReader
102   1 MappedReader: FileOffset 1633975 -> DiskOffset 13915119 (Length 2124,  Cluster 4096) Delegate *parser.PagedReader
103   1 MappedReader: FileOffset 1636099 -> DiskOffset 14009811 (Length 3179,  Cluster 4096) Delegate *parser.PagedReader
104   1 MappedReader: FileOffset 1639278 -> DiskOffset 14209372 (Length 2355,  Cluster 4096) Delegate *parser.PagedReader
105   1 MappedReader: FileOffset 1641633 -> DiskOffset 14006770 (Length 2260,  Cluster 4096) Delegate *parser.PagedReader
106   1 MappedReader: FileOffset 1643893 -> DiskOffset 13979300 (Length 2182,  Cluster 4096) Delegate *parser.PagedReader
107   1 MappedReader: FileOffset 1646075 -> DiskOffset 13714777 (Length 2092,  Cluster 4096) Delegate *parser.PagedReader
108   1 MappedReader: FileOffset 1648167 -> DiskOffset 14064285 (Length 2089,  Cluster 4096) Delegate *parser.PagedReader
109   1 MappedReader: FileOffset 1650256 -> DiskOffset 14039012 (Length 2086,  Cluster 4096) Delegate *parser.PagedReader
110   1 MappedReader: FileOffset 1652342 -> DiskOffset 12949730 (Length 2082,  Cluster 4096) Delegate *parser.PagedReader
111   1 MappedReader: FileOffset 1654424 -> DiskOffset 13990610 (Length 2080,  Cluster 4096) Delegate *parser.PagedReader
112   1 MappedReader: FileOffset 1656504 -> DiskOffset 13970247 (Length 2080,  Cluster 4096) Delegate *parser.PagedReader
113   1 MappedReader: FileOffset 1658584 -> DiskOffset 14073388 (Length 2078,  Cluster 4096) Delegate *parser.PagedReader
114   1 MappedReader: FileOffset 1660662 -> DiskOffset 13988417 (Length 2073,  Cluster 4096) Delegate *parser.PagedReader
115   1 MappedReader: FileOffset 1662735 -> DiskOffset 14214134 (Length 2052,  Cluster 4096) Delegate *parser.PagedReader
116   1 MappedReader: FileOffset 1664787 -> DiskOffset 9867257 (Length 2046,  Cluster 4096) Delegate *parser.PagedReader
117   1 MappedReader: FileOffset 1666833 -> DiskOffset 13944985 (Length 2044,  Cluster 4096) Delegate *parser.PagedReader
118   1 MappedReader: FileOffset 1668877 -> DiskOffset 14018261 (Length 2041,  Cluster 4096) Delegate *parser.PagedReader
119   1 MappedReader: FileOffset 1670918 -> DiskOffset 14013779 (Length 2035,  Cluster 4096) Delegate *parser.PagedReader
120   1 MappedReader: FileOffset 1672953 -> DiskOffset 13855019 (Length 2034,  Cluster 4096) Delegate *parser.PagedReader
121   1 MappedReader: FileOffset 1674987 -> DiskOffset 14022848 (Length 2032,  Cluster 4096) Delegate *parser.PagedReader
122   1 MappedReader: FileOffset 1677019 -> DiskOffset 14059750 (Length 2031,  Cluster 4096) Delegate *parser.PagedReader
123   1 MappedReader: FileOffset 1679050 -> DiskOffset 8728403 (Length 2031,  Cluster 4096) Delegate *parser.PagedReader
124   1 MappedReader: FileOffset 1681081 -> DiskOffset 9853564 (Length 2030,  Cluster 4096) Delegate *parser.PagedReader
125   1 MappedReader: FileOffset 1683111 -> DiskOffset 9832884 (Length 2030,  Cluster 4096) Delegate *parser.PagedReader
126   1 MappedReader: FileOffset 1685141 -> DiskOffset 14089352 (Length 2027,  Cluster 4096) Delegate *parser.PagedReader
127   1 MappedReader: FileOffset 1687168 -> DiskOffset 9849029 (Length 2025,  Cluster 4096) Delegate *parser.PagedReader
128   1 MappedReader: FileOffset 1689193 -> DiskOffset 8705392 (Length 2024,  Cluster 4096) Delegate *parser.PagedReader
129   1 MappedReader: FileOffset 1691217 -> DiskOffset 13859377 (Length 2002,  Cluster 4096) Delegate *parser.PagedReader
130   1 MappedReader: FileOffset 1693219 -> DiskOffset 14068830 (Length 1982,  Cluster 4096) Delegate *parser.PagedReader
131   1 MappedReader: FileOffset 1695201 -> DiskOffset 14015926 (Length 1965,  Cluster 4096) Delegate *parser.PagedReader
132   1 MappedReader: FileOffset 1697166 -> DiskOffset 14220949 (Length 1935,  Cluster 4096) Delegate *parser.PagedReader
133   1 MappedReader: FileOffset 1699101 -> DiskOffset 12849658 (Length 1923,  Cluster 4096) Delegate *parser.PagedReader
134   1 MappedReader: FileOffset 1701024 -> DiskOffset 12952391 (Length 1871,  Cluster 4096) Delegate *parser.PagedReader
135   1 MappedReader: FileOffset 1702895 -> DiskOffset 14032320 (Length 1844,  Cluster 4096) Delegate *parser.PagedReader
136   1 MappedReader: FileOffset 1704739 -> DiskOffset 14207025 (Length 1809,  Cluster 4096) Delegate *parser.PagedReader
137   1 MappedReader: FileOffset 1706548 -> DiskOffset 14071380 (Length 1809,  Cluster 4096) Delegate *parser.PagedReader
138   1 MappedReader: FileOffset 1708357 -> DiskOffset 13913216 (Length 1799,  Cluster 4096) Delegate *parser.PagedReader
139   1 MappedReader: FileOffset 1710156 -> DiskOffset 15531485 (Length 1795,  Cluster 4096) Delegate *parser.PagedReader
140   1 MappedReader: FileOffset 1711951 -> DiskOffset 13804692 (Length 1788,  Cluster 4096) Delegate *parser.PagedReader
141   1 MappedReader: FileOffset 1713739 -> DiskOffset 13737725 (Length 1781,  Cluster 4096) Delegate *parser.PagedReader
142   1 MappedReader: FileOffset 1715520 -> DiskOffset 14004488 (Length 1777,  Cluster 4096) Delegate *parser.PagedReader
143   1 MappedReader: FileOffset 1717297 -> DiskOffset 14050267 (Length 1774,  Cluster 4096) Delegate *parser.PagedReader
144   1 MappedReader: FileOffset 1719071 -> DiskOffset 13997569 (Length 1772,  Cluster 4096) Delegate *parser.PagedReader
145   1 MappedReader: FileOffset 1720843 -> DiskOffset 9953749 (Length 1749,  Cluster 4096) Delegate *parser.PagedReader
146   1 MappedReader: FileOffset 1722592 -> DiskOffset 14216820 (Length 1744,  Cluster 4096) Delegate *parser.PagedReader
147   1 MappedReader: FileOffset 1724336 -> DiskOffset 9847095 (Length 1742,  Cluster 4096) Delegate *parser.PagedReader
148   1 MappedReader: FileOffset 1726078 -> DiskOffset 8712084 (Length 1713,  Cluster 4096) Delegate *parser.PagedReader
149   1 MappedReader: FileOffset 1727791 -> DiskOffset 14057942 (Length 1680,  Cluster 4096) Delegate *parser.PagedReader
150   1 MappedReader: FileOffset 1729471 -> DiskOffset 14025110 (Length 1673,  Cluster 4096) Delegate *parser.PagedReader
151   1 MappedReader: FileOffset 1731144 -> DiskOffset 13763223 (Length 1652,  Cluster 4096) Delegate *parser.PagedReader
152   1 MappedReader: FileOffset 1732796 -> DiskOffset 14204674 (Length 1620,  Cluster 4096) Delegate *parser.PagedReader
153   1 MappedReader: FileOffset 1734416 -> DiskOffset 13767891 (Length 1618,  Cluster 4096) Delegate *parser.PagedReader
154   1 MappedReader: FileOffset 1736034 -> DiskOffset 13967832 (Length 1607,  Cluster 4096) Delegate *parser.PagedReader
155   1 MappedReader: FileOffset 1737641 -> DiskOffset 14076080 (Length 1545,  Cluster 4096) Delegate *parser.PagedReader
156   1 MappedReader: FileOffset 1739186 -> DiskOffset 13920244 (Length 1516,  Cluster 4096) Delegate *parser.PagedReader
157   1 MappedReader: FileOffset 1740702 -> DiskOffset 14092239 (Length 1515,  Cluster 4096) Delegate *parser.PagedReader
158   1 MappedReader: FileOffset 1742217 -> DiskOffset 12848015 (Length 1515,  Cluster 4096) Delegate *parser.PagedReader
159   1 MappedReader: FileOffset 1743732 -> DiskOffset 13809467 (Length 1501,  Cluster 4096) Delegate *parser.PagedReader
160   1 MappedReader: FileOffset 1745233 -> DiskOffset 14096177 (Length 1493,  Cluster 4096) Delegate *parser.PagedReader
161   1 MappedReader: FileOffset 1746726 -> DiskOffset 14048655 (Length 1484,  Cluster 4096) Delegate *parser.PagedReader
162   1 MappedReader: FileOffset 1748210 -> DiskOffset 14212528 (Length 1478,  Cluster 4096) Delegate *parser.PagedReader
163   1 MappedReader: FileOffset 1749688 -> DiskOffset 9826755 (Length 1462,  Cluster 4096) Delegate *parser.PagedReader
164   1 MappedReader: FileOffset 1751150 -> DiskOffset 13739507 (Length 1448,  Cluster 4096) Delegate *parser.PagedReader
165   1 MappedReader: FileOffset 1752598 -> DiskOffset 13720379 (Length 1447,  Cluster 4096) Delegate *parser.PagedReader
166   1 MappedReader: FileOffset 1754045 -> DiskOffset 9841980 (Length 1446,  Cluster 4096) Delegate *parser.PagedReader
167   1 MappedReader: FileOffset 1755491 -> DiskOffset 14052643 (Length 1442,  Cluster 4096) Delegate *parser.PagedReader
168   1 MappedReader: FileOffset 1756933 -> DiskOffset 14027667 (Length 1440,  Cluster 4096) Delegate *parser.PagedReader
169   1 MappedReader: FileOffset 1758373 -> DiskOffset 14208899 (Length 128,  Cluster 4096) Delegate *parser.PagedReader
170   1 MappedReader: FileOffset 1758501 -> DiskOffset 14201316 (Length 128,  Cluster 4096) Delegate *parser.PagedReader
171   1 MappedReader: FileOffset 1758629 -> DiskOffset 14200996 (Length 91,  Cluster 4096) Delegate *parser.PagedReader
