Will record to dir usn_with_two_vcns
Creating cache of size 10000
Cache miss for 0 (400) (0)
Cache miss for c0000000 (400) (1)
Cache miss for c42b5800 (400) (2)
68310 ATTRIBUTE_LIST_ENTRY struct ATTRIBUTE_LIST_ENTRY @ 0x0:
  Type: 0x10
  Length: 0x20
  Name_length: 0x0
  Offset_to_name: 0x1a
  Starting_vcn: 0x0
  MftReference: 0x10ad6
  Attribute_id: 0x0

68310 ATTRIBUTE_LIST_ENTRY struct ATTRIBUTE_LIST_ENTRY @ 0x20:
  Type: 0x30
  Length: 0x20
  Name_length: 0x0
  Offset_to_name: 0x1a
  Starting_vcn: 0x0
  MftReference: 0x10ad6
  Attribute_id: 0x1

68310 ATTRIBUTE_LIST_ENTRY struct ATTRIBUTE_LIST_ENTRY @ 0x40:
  Type: 0x80
  Length: 0x20
  Name_length: 0x2
  Offset_to_name: 0x1a
  Starting_vcn: 0x0
  MftReference: 0x3242e
  Attribute_id: 0x0

While working on 68310 - Fetching from MFT Entry 205870
Cache miss for 9fbe87800 (400) (3)
Found   struct NTFS_ATTRIBUTE @ 0x38:
    Type: $DATA (128)
    Length: 0x58
    Resident: NON-RESIDENT (1)
    name_length: 0x2
    name_offset: 0x48
    Flags: 32768 (SPARSE)
    Attribute_id: 0x0
    Content_size: 0x0
    Content_offset: 0x0
    Runlist_vcn_start: 0x0
    Runlist_vcn_end: 0xadff
    Runlist_offset: 0x50
    Compression_unit_size: 0x4
    Allocated_size: 0x17aa40000
    Actual_size: 0x17a9d90d8
    Initialized_size: 0x17a9d90d8
  
68310 ATTRIBUTE_LIST_ENTRY struct ATTRIBUTE_LIST_ENTRY @ 0x60:
  Type: 0x80
  Length: 0x20
  Name_length: 0x2
  Offset_to_name: 0x1a
  Starting_vcn: 0xae00
  MftReference: 0x38645
  Attribute_id: 0x0

While working on 68310 - Fetching from MFT Entry 230981
Cache miss for 9fd70d400 (400) (4)
Found   struct NTFS_ATTRIBUTE @ 0x38:
    Type: $DATA (128)
    Length: 0x1c8
    Resident: NON-RESIDENT (1)
    name_length: 0x2
    name_offset: 0x40
    Flags: 32768 (SPARSE)
    Attribute_id: 0x0
    Content_size: 0xae00
    Content_offset: 0x0
    Runlist_vcn_start: 0xae00
    Runlist_vcn_end: 0x17aa3f
    Runlist_offset: 0x48
    Compression_unit_size: 0x0
    Allocated_size: 0x0
    Actual_size: 0x0
    Initialized_size: 0x0
  
68310 ATTRIBUTE_LIST_ENTRY struct ATTRIBUTE_LIST_ENTRY @ 0x80:
  Type: 0x80
  Length: 0x28
  Name_length: 0x4
  Offset_to_name: 0x1a
  Starting_vcn: 0x0
  MftReference: 0x10ad6
  Attribute_id: 0x8e

 0 MappedReader: FileOffset 0 -> DiskOffset 0 (Length 6352113880,  Cluster 1) Delegate *parser.RangeReader
  1 MappedReader: FileOffset 0 -> DiskOffset 0 (Length 44544,  Cluster 4096) Delegate *parser.PagedReader
  1 MappedReader: FileOffset 44544 -> DiskOffset 0 (Length 1496432,  Cluster 4096) Delegate *parser.PagedReader
  1 MappedReader: FileOffset 1540976 -> DiskOffset 6815248 (Length 18,  Cluster 4096) Delegate *parser.PagedReader
  1 MappedReader: FileOffset 1540994 -> DiskOffset 6700438 (Length 80,  Cluster 4096) Delegate *parser.PagedReader
  1 MappedReader: FileOffset 1541074 -> DiskOffset 7241728 (Length 112,  Cluster 4096) Delegate *parser.PagedReader
  1 MappedReader: FileOffset 1541186 -> DiskOffset 1247560 (Length 168,  Cluster 4096) Delegate *parser.PagedReader
  1 MappedReader: FileOffset 1541354 -> DiskOffset 6403674 (Length 90,  Cluster 4096) Delegate *parser.PagedReader
  1 MappedReader: FileOffset 1541444 -> DiskOffset 395692 (Length 124,  Cluster 4096) Delegate *parser.PagedReader
  1 MappedReader: FileOffset 1541568 -> DiskOffset 1397172 (Length 128,  Cluster 4096) Delegate *parser.PagedReader
  1 MappedReader: FileOffset 1541696 -> DiskOffset 4832524 (Length 180,  Cluster 4096) Delegate *parser.PagedReader
  1 MappedReader: FileOffset 1541876 -> DiskOffset 6729020 (Length 78,  Cluster 4096) Delegate *parser.PagedReader
  1 MappedReader: FileOffset 1541954 -> DiskOffset 6943248 (Length 126,  Cluster 4096) Delegate *parser.PagedReader
  1 MappedReader: FileOffset 1542080 -> DiskOffset 10366380 (Length 128,  Cluster 4096) Delegate *parser.PagedReader
  1 MappedReader: FileOffset 1542208 -> DiskOffset 10620074 (Length 128,  Cluster 4096) Delegate *parser.PagedReader
  1 MappedReader: FileOffset 1542336 -> DiskOffset 8441520 (Length 128,  Cluster 4096) Delegate *parser.PagedReader
  1 MappedReader: FileOffset 1542464 -> DiskOffset 8455164 (Length 128,  Cluster 4096) Delegate *parser.PagedReader
  1 MappedReader: FileOffset 1542592 -> DiskOffset 10161476 (Length 128,  Cluster 4096) Delegate *parser.PagedReader
  1 MappedReader: FileOffset 1542720 -> DiskOffset 11824283 (Length 329,  Cluster 4096) Delegate *parser.PagedReader
  1 MappedReader: FileOffset 1543049 -> DiskOffset 5655540 (Length 55,  Cluster 4096) Delegate *parser.PagedReader
  1 MappedReader: FileOffset 1543104 -> DiskOffset 7280528 (Length 128,  Cluster 4096) Delegate *parser.PagedReader
  1 MappedReader: FileOffset 1543232 -> DiskOffset 10305592 (Length 128,  Cluster 4096) Delegate *parser.PagedReader
  1 MappedReader: FileOffset 1543360 -> DiskOffset 7170396 (Length 128,  Cluster 4096) Delegate *parser.PagedReader
  1 MappedReader: FileOffset 1543488 -> DiskOffset 8668822 (Length 128,  Cluster 4096) Delegate *parser.PagedReader
  1 MappedReader: FileOffset 1543616 -> DiskOffset 8455020 (Length 128,  Cluster 4096) Delegate *parser.PagedReader
  1 MappedReader: FileOffset 1543744 -> DiskOffset 9333842 (Length 128,  Cluster 4096) Delegate *parser.PagedReader
  1 MappedReader: FileOffset 1543872 -> DiskOffset 7332290 (Length 128,  Cluster 4096) Delegate *parser.PagedReader
  1 MappedReader: FileOffset 1544000 -> DiskOffset 11242485 (Length 128,  Cluster 4096) Delegate *parser.PagedReader
  1 MappedReader: FileOffset 1544128 -> DiskOffset 8486600 (Length 160,  Cluster 4096) Delegate *parser.PagedReader
  1 MappedReader: FileOffset 1544288 -> DiskOffset 7776836 (Length 96,  Cluster 4096) Delegate *parser.PagedReader
  1 MappedReader: FileOffset 1544384 -> DiskOffset 4039352 (Length 128,  Cluster 4096) Delegate *parser.PagedReader
  1 MappedReader: FileOffset 1544512 -> DiskOffset 4032904 (Length 128,  Cluster 4096) Delegate *parser.PagedReader
  1 MappedReader: FileOffset 1544640 -> DiskOffset 3844536 (Length 128,  Cluster 4096) Delegate *parser.PagedReader
  1 MappedReader: FileOffset 1544768 -> DiskOffset 3725528 (Length 128,  Cluster 4096) Delegate *parser.PagedReader
  1 MappedReader: FileOffset 1544896 -> DiskOffset 4504800 (Length 171,  Cluster 4096) Delegate *parser.PagedReader
  1 MappedReader: FileOffset 1545067 -> DiskOffset 8422350 (Length 85,  Cluster 4096) Delegate *parser.PagedReader
  1 MappedReader: FileOffset 1545152 -> DiskOffset 7191892 (Length 128,  Cluster 4096) Delegate *parser.PagedReader
  1 MappedReader: FileOffset 1545280 -> DiskOffset 9370577 (Length 128,  Cluster 4096) Delegate *parser.PagedReader
  1 MappedReader: FileOffset 1545408 -> DiskOffset 7757580 (Length 128,  Cluster 4096) Delegate *parser.PagedReader
  1 MappedReader: FileOffset 1545536 -> DiskOffset 7300285 (Length 128,  Cluster 4096) Delegate *parser.PagedReader
  1 MappedReader: FileOffset 1545664 -> DiskOffset 4375191 (Length 309,  Cluster 4096) Delegate *parser.PagedReader
  1 MappedReader: FileOffset 1545973 -> DiskOffset 7241902 (Length 78,  Cluster 4096) Delegate *parser.PagedReader
  1 MappedReader: FileOffset 1546051 -> DiskOffset 8588853 (Length 125,  Cluster 4096) Delegate *parser.PagedReader
  1 MappedReader: FileOffset 1546176 -> DiskOffset 11393496 (Length 136,  Cluster 4096) Delegate *parser.PagedReader
  1 MappedReader: FileOffset 1546312 -> DiskOffset 7165883 (Length 121,  Cluster 4096) Delegate *parser.PagedReader
  1 MappedReader: FileOffset 1546433 -> DiskOffset 7036895 (Length 255,  Cluster 4096) Delegate *parser.PagedReader
  1 MappedReader: FileOffset 1546688 -> DiskOffset 4826968 (Length 128,  Cluster 4096) Delegate *parser.PagedReader
  1 MappedReader: FileOffset 1546816 -> DiskOffset 3946604 (Length 1280,  Cluster 4096) Delegate *parser.PagedReader
  1 MappedReader: FileOffset 1548096 -> DiskOffset 11469896 (Length 148,  Cluster 4096) Delegate *parser.PagedReader
  1 MappedReader: FileOffset 1548244 -> DiskOffset 7042460 (Length 110,  Cluster 4096) Delegate *parser.PagedReader
  1 MappedReader: FileOffset 1548354 -> DiskOffset 6298386 (Length 128,  Cluster 4096) Delegate *parser.PagedReader
  1 MappedReader: FileOffset 1548482 -> DiskOffset 11331662 (Length 130,  Cluster 4096) Delegate *parser.PagedReader
  1 MappedReader: FileOffset 1548612 -> DiskOffset 5751372 (Length 125,  Cluster 4096) Delegate *parser.PagedReader
  1 MappedReader: FileOffset 1548737 -> DiskOffset 7042593 (Length 159,  Cluster 4096) Delegate *parser.PagedReader
  1 MappedReader: FileOffset 1548896 -> DiskOffset 4445308 (Length 140,  Cluster 4096) Delegate *parser.PagedReader
  1 MappedReader: FileOffset 1549036 -> DiskOffset 7757484 (Length 96,  Cluster 4096) Delegate *parser.PagedReader
  1 MappedReader: FileOffset 1549132 -> DiskOffset 10369787 (Length 117,  Cluster 4096) Delegate *parser.PagedReader
  1 MappedReader: FileOffset 1549249 -> DiskOffset 3998421 (Length 139,  Cluster 4096) Delegate *parser.PagedReader
  1 MappedReader: FileOffset 1549388 -> DiskOffset 2570938 (Length 118,  Cluster 4096) Delegate *parser.PagedReader
  1 MappedReader: FileOffset 1549506 -> DiskOffset 1391152 (Length 128,  Cluster 4096) Delegate *parser.PagedReader
  1 MappedReader: FileOffset 1549634 -> DiskOffset 4097876 (Length 128,  Cluster 4096) Delegate *parser.PagedReader
  1 MappedReader: FileOffset 1549762 -> DiskOffset 4793156 (Length 128,  Cluster 4096) Delegate *parser.PagedReader
  1 MappedReader: FileOffset 1549890 -> DiskOffset 5117240 (Length 126,  Cluster 4096) Delegate *parser.PagedReader
  1 MappedReader: FileOffset 1550016 -> DiskOffset 5225660 (Length 128,  Cluster 4096) Delegate *parser.PagedReader
  1 MappedReader: FileOffset 1550144 -> DiskOffset 4260016 (Length 288,  Cluster 4096) Delegate *parser.PagedReader
  1 MappedReader: FileOffset 1550432 -> DiskOffset 4838210 (Length 96,  Cluster 4096) Delegate *parser.PagedReader
  1 MappedReader: FileOffset 1550528 -> DiskOffset 4122104 (Length 128,  Cluster 4096) Delegate *parser.PagedReader
  1 MappedReader: FileOffset 1550656 -> DiskOffset 3145508 (Length 128,  Cluster 4096) Delegate *parser.PagedReader
  1 MappedReader: FileOffset 1550784 -> DiskOffset 2706080 (Length 128,  Cluster 4096) Delegate *parser.PagedReader
  1 MappedReader: FileOffset 1550912 -> DiskOffset 1073741824 (Length 24,  Cluster 4096) Delegate *parser.PagedReader
  1 MappedReader: FileOffset 1550936 -> DiskOffset 8647017939544843264 (Length 35184372097024,  Cluster 4096) Delegate *parser.PagedReader
