+--------------+----------------------------+----------+--------------------------------+-------+---------------------------+
|    MFT ID    |          FULLPATH          |   SIZE   |             MTIME              | ISDIR |         FILENAME          |
+--------------+----------------------------+----------+--------------------------------+-------+---------------------------+
| 4-128-1      | /$AttrDef                  |     2560 | 2023-06-23 02:04:24.8404724    | false | $AttrDef                  |
|              |                            |          | +0000 UTC                      |       |                           |
| 8-128-2      | /$BadClus                  |        0 | 2023-06-23 02:04:24.8404724    | false | $BadClus                  |
|              |                            |          | +0000 UTC                      |       |                           |
| 8-128-1      | /$BadClus                  | 38793216 | 2023-06-23 02:04:24.8404724    | false | $BadClus:$Bad             |
|              |                            |          | +0000 UTC                      |       |                           |
| 6-128-4      | /$Bitmap                   |     1184 | 2023-06-23 02:04:24.8404724    | false | $Bitmap                   |
|              |                            |          | +0000 UTC                      |       |                           |
| 7-128-1      | /$Boot                     |     8192 | 2023-06-23 02:04:24.8404724    | false | $Boot                     |
|              |                            |          | +0000 UTC                      |       |                           |
| 11-144-4     | /$Extend                   |        0 | 2023-06-23 02:04:24.8404724    | true  | $Extend                   |
|              |                            |          | +0000 UTC                      |       |                           |
| 2-128-1      | /$LogFile                  |  2097152 | 2023-06-23 02:04:24.8404724    | false | $LogFile                  |
|              |                            |          | +0000 UTC                      |       |                           |
| 0-128-6      | /$MFT                      |   262144 | 2023-06-23 02:04:24.8404724    | false | $MFT                      |
|              |                            |          | +0000 UTC                      |       |                           |
| 1-128-1      | /$MFTMirr                  |     4096 | 2023-06-23 02:04:24.8404724    | false | $MFTMirr                  |
|              |                            |          | +0000 UTC                      |       |                           |
| 9-160-9      | /$Secure                   |        0 | 2023-06-23 02:04:24.8404724    | false | $Secure                   |
|              |                            |          | +0000 UTC                      |       |                           |
| 9-128-8      | /$Secure                   |   263264 | 2023-06-23 02:04:24.8404724    | false | $Secure:$SDS              |
|              |                            |          | +0000 UTC                      |       |                           |
| 10-128-1     | /$UpCase                   |   131072 | 2023-06-23 02:04:24.8404724    | false | $UpCase                   |
|              |                            |          | +0000 UTC                      |       |                           |
| 10-128-4     | /$UpCase                   |       32 | 2023-06-23 02:04:24.8404724    | false | $UpCase:$Info             |
|              |                            |          | +0000 UTC                      |       |                           |
| 3-128-3      | /$Volume                   |        0 | 2023-06-23 02:04:24.8404724    | false | $Volume                   |
|              |                            |          | +0000 UTC                      |       |                           |
| 5-160-8      | /.                         |        0 | 2023-06-23 02:11:03.540746     | true  | .                         |
|              |                            |          | +0000 UTC                      |       |                           |
| 38-128-0     | /Nine.txt                  |     5005 | 2023-06-23 02:16:17.9724723    | false | Nine.txt:111              |
|              |                            |          | +0000 UTC                      |       |                           |
| 38-128-0:333 | /Nine.txt                  |     6005 | 2023-06-23 02:16:17.9724723    | false | Nine.txt:333              |
|              |                            |          | +0000 UTC                      |       |                           |
| 38-128-3     | /Nine.txt                  |     5000 | 2023-06-23 02:16:17.9724723    | false | Nine.txt                  |
|              |                            |          | +0000 UTC                      |       |                           |
| 38-128-7     | /Nine.txt                  |       56 | 2023-06-23 02:16:17.9724723    | false | Nine.txt:222              |
|              |                            |          | +0000 UTC                      |       |                           |
| 36-144-1     | /System Volume Information |        0 | 2023-06-23 02:04:24.9319142    | true  | System Volume Information |
|              |                            |          | +0000 UTC                      |       |                           |
+--------------+----------------------------+----------+--------------------------------+-------+---------------------------+
Directory listing for MFT /
